[    0.000000] Linux version 4.15.0-212-generic (buildd@lcy02-amd64-083) (gcc version 7.5.0 (Ubuntu 7.5.0-3ubuntu1~18.04)) #223-Ubuntu SMP Tue May 23 13:09:22 UTC 2023 (Ubuntu 4.15.0-212.223-generic 4.15.18)
[    0.000000] Command line: BOOT_IMAGE=/boot/vmlinuz-4.15.0-212-generic root=LABEL=cloudimg-rootfs ro console=tty1 console=ttyS0
[    0.000000] KERNEL supported cpus:
[    0.000000]   Intel GenuineIntel
[    0.000000]   AMD AuthenticAMD
[    0.000000]   Centaur CentaurHauls
[    0.000000] x86/fpu: x87 FPU will use FXSAVE
[    0.000000] e820: BIOS-provided physical RAM map:
[    0.000000] BIOS-e820: [mem 0x0000000000000000-0x000000000009fbff] usable
[    0.000000] BIOS-e820: [mem 0x000000000009fc00-0x000000000009ffff] reserved
[    0.000000] BIOS-e820: [mem 0x00000000000f0000-0x00000000000fffff] reserved
[    0.000000] BIOS-e820: [mem 0x0000000000100000-0x000000001ffeffff] usable
[    0.000000] BIOS-e820: [mem 0x000000001fff0000-0x000000001fffffff] ACPI data
[    0.000000] BIOS-e820: [mem 0x00000000fec00000-0x00000000fec00fff] reserved
[    0.000000] BIOS-e820: [mem 0x00000000fee00000-0x00000000fee00fff] reserved
[    0.000000] BIOS-e820: [mem 0x00000000fffc0000-0x00000000ffffffff] reserved
[    0.000000] NX (Execute Disable) protection: active
[    0.000000] SMBIOS 2.5 present.
[    0.000000] DMI: innotek GmbH VirtualBox/VirtualBox, BIOS VirtualBox 12/01/2006
[    0.000000] Hypervisor detected: KVM
[    0.000000] e820: last_pfn = 0x1fff0 max_arch_pfn = 0x400000000
[    0.000000] MTRR: Disabled
[    0.000000] x86/PAT: MTRRs disabled, skipping PAT initialization too.
[    0.000000] CPU MTRRs all blank - virtualized system.
[    0.000000] x86/PAT: Configuration [0-7]: WB  WT  UC- UC  WB  WT  UC- UC  
[    0.000000] found SMP MP-table at [mem 0x0009fff0-0x0009ffff]
[    0.000000] Scanning 1 areas for low memory corruption
[    0.000000] RAMDISK: [mem 0x1db01000-0x1ee12fff]
[    0.000000] ACPI: Early table checksum verification disabled
[    0.000000] ACPI: RSDP 0x00000000000E0000 000024 (v02 VBOX  )
[    0.000000] ACPI: XSDT 0x000000001FFF0030 00003C (v01 VBOX   VBOXXSDT 00000001 ASL  00000061)
[    0.000000] ACPI: FACP 0x000000001FFF00F0 0000F4 (v04 VBOX   VBOXFACP 00000001 ASL  00000061)
[    0.000000] ACPI: DSDT 0x000000001FFF0610 002353 (v02 VBOX   VBOXBIOS 00000002 INTL 20100528)
[    0.000000] ACPI: FACS 0x000000001FFF0200 000040
[    0.000000] ACPI: FACS 0x000000001FFF0200 000040
[    0.000000] ACPI: APIC 0x000000001FFF0240 000054 (v02 VBOX   VBOXAPIC 00000001 ASL  00000061)
[    0.000000] ACPI: SSDT 0x000000001FFF02A0 00036C (v01 VBOX   VBOXCPUT 00000002 INTL 20100528)
[    0.000000] ACPI: Reserving FACP table memory at [mem 0x1fff00f0-0x1fff01e3]
[    0.000000] ACPI: Reserving DSDT table memory at [mem 0x1fff0610-0x1fff2962]
[    0.000000] ACPI: Reserving FACS table memory at [mem 0x1fff0200-0x1fff023f]
[    0.000000] ACPI: Reserving FACS table memory at [mem 0x1fff0200-0x1fff023f]
[    0.000000] ACPI: Reserving APIC table memory at [mem 0x1fff0240-0x1fff0293]
[    0.000000] ACPI: Reserving SSDT table memory at [mem 0x1fff02a0-0x1fff060b]
[    0.000000] No NUMA configuration found
[    0.000000] Faking a node at [mem 0x0000000000000000-0x000000001ffeffff]
[    0.000000] NODE_DATA(0) allocated [mem 0x1ffc5000-0x1ffeffff]
[    0.000000] kvm-clock: cpu 0, msr 0:1ff44001, primary cpu clock
[    0.000000] kvm-clock: Using msrs 4b564d01 and 4b564d00
[    0.000000] kvm-clock: using sched offset of 4696400434 cycles
[    0.000000] clocksource: kvm-clock: mask: 0xffffffffffffffff max_cycles: 0x1cd42e4dffb, max_idle_ns: 881590591483 ns
[    0.000000] Zone ranges:
[    0.000000]   DMA      [mem 0x0000000000001000-0x0000000000ffffff]
[    0.000000]   DMA32    [mem 0x0000000001000000-0x000000001ffeffff]
[    0.000000]   Normal   empty
[    0.000000]   Device   empty
[    0.000000] Movable zone start for each node
[    0.000000] Early memory node ranges
[    0.000000]   node   0: [mem 0x0000000000001000-0x000000000009efff]
[    0.000000]   node   0: [mem 0x0000000000100000-0x000000001ffeffff]
[    0.000000] Reserved but unavailable: 104 pages
[    0.000000] Initmem setup node 0 [mem 0x0000000000001000-0x000000001ffeffff]
[    0.000000] ACPI: PM-Timer IO Port: 0x4008
[    0.000000] IOAPIC[0]: apic_id 1, version 32, address 0xfec00000, GSI 0-23
[    0.000000] ACPI: INT_SRC_OVR (bus 0 bus_irq 0 global_irq 2 dfl dfl)
[    0.000000] ACPI: INT_SRC_OVR (bus 0 bus_irq 9 global_irq 9 low level)
[    0.000000] Using ACPI (MADT) for SMP configuration information
[    0.000000] smpboot: Allowing 1 CPUs, 0 hotplug CPUs
[    0.000000] PM: Registered nosave memory: [mem 0x00000000-0x00000fff]
[    0.000000] PM: Registered nosave memory: [mem 0x0009f000-0x0009ffff]
[    0.000000] PM: Registered nosave memory: [mem 0x000a0000-0x000effff]
[    0.000000] PM: Registered nosave memory: [mem 0x000f0000-0x000fffff]
[    0.000000] e820: [mem 0x20000000-0xfebfffff] available for PCI devices
[    0.000000] Booting paravirtualized kernel on KVM
[    0.000000] clocksource: refined-jiffies: mask: 0xffffffff max_cycles: 0xffffffff, max_idle_ns: 7645519600211568 ns
[    0.000000] setup_percpu: NR_CPUS:8192 nr_cpumask_bits:1 nr_cpu_ids:1 nr_node_ids:1
[    0.000000] percpu: Embedded 50 pages/cpu s167936 r8192 d28672 u2097152
[    0.000000] PV qspinlock hash table entries: 256 (order: 0, 4096 bytes)
[    0.000000] Built 1 zonelists, mobility grouping on.  Total pages: 128889
[    0.000000] Policy zone: DMA32
[    0.000000] Kernel command line: BOOT_IMAGE=/boot/vmlinuz-4.15.0-212-generic root=LABEL=cloudimg-rootfs ro console=tty1 console=ttyS0
[    0.000000] Memory: 466748K/523832K available (12300K kernel code, 2477K rwdata, 4324K rodata, 2480K init, 2720K bss, 57084K reserved, 0K cma-reserved)
[    0.000000] SLUB: HWalign=64, Order=0-3, MinObjects=0, CPUs=1, Nodes=1
[    0.000000] ftrace: allocating 39508 entries in 155 pages
[    0.004000] Hierarchical RCU implementation.
[    0.004000] 	RCU restricting CPUs from NR_CPUS=8192 to nr_cpu_ids=1.
[    0.004000] 	Tasks RCU enabled.
[    0.004000] RCU: Adjusting geometry for rcu_fanout_leaf=16, nr_cpu_ids=1
[    0.004000] NR_IRQS: 524544, nr_irqs: 256, preallocated irqs: 16
[    0.004000] random: crng init done
[    0.004000] Console: colour VGA+ 80x25
[    0.004000] console [tty1] enabled
[    0.004000] console [ttyS0] enabled
[    0.004000] ACPI: Core revision 20170831
[    0.004000] ACPI: 2 ACPI AML tables successfully acquired and loaded
[    0.004000] APIC: Switch to symmetric I/O mode setup
[    0.008000] ..TIMER: vector=0x30 apic1=0 pin1=2 apic2=-1 pin2=-1
[    0.008024] tsc: Detected 2496.010 MHz processor
[    0.012024] Calibrating delay loop (skipped) preset value.. 4992.02 BogoMIPS (lpj=9984040)
[    0.016018] pid_max: default: 32768 minimum: 301
[    0.020080] Security Framework initialized
[    0.024014] Yama: becoming mindful.
[    0.028081] AppArmor: AppArmor initialized
[    0.032328] Dentry cache hash table entries: 65536 (order: 7, 524288 bytes)
[    0.036164] Inode-cache hash table entries: 32768 (order: 6, 262144 bytes)
[    0.044049] Mount-cache hash table entries: 1024 (order: 1, 8192 bytes)
[    0.048041] Mountpoint-cache hash table entries: 1024 (order: 1, 8192 bytes)
[    0.057550] Last level iTLB entries: 4KB 0, 2MB 0, 4MB 0
[    0.060009] Last level dTLB entries: 4KB 0, 2MB 0, 4MB 0, 1GB 0
[    0.064023] Spectre V1 : Mitigation: usercopy/swapgs barriers and __user pointer sanitization
[    0.068022] Spectre V2 : Mitigation: Enhanced IBRS
[    0.072021] Spectre V2 : Spectre v2 / SpectreRSB mitigation: Filling RSB on context switch
[    0.076014] Spectre V2 : Spectre v2 / PBRSB-eIBRS: Retire a single CALL on VMEXIT
[    0.080019] RETBleed: Mitigation: Enhanced IBRS
[    0.088009] Speculative Store Bypass: Vulnerable
[    0.097007] Freeing SMP alternatives memory: 36K
[    0.216022] APIC calibration not consistent with PM-Timer: 101ms instead of 100ms
[    0.220000] APIC delta adjusted to PM-Timer: 6346593 (6447230)
[    0.220657] smpboot: CPU0: 12th Gen Intel(R) Core(TM) i5-12450H (family: 0x6, model: 0x9a, stepping: 0x3)
[    0.224153] Performance Events: unsupported p6 CPU model 154 no PMU driver, software events only.
[    0.228196] Hierarchical SRCU implementation.
[    0.232687] NMI watchdog: Perf event create on CPU 0 failed with -2
[    0.236016] NMI watchdog: Perf NMI watchdog permanently disabled
[    0.240381] smp: Bringing up secondary CPUs ...
[    0.244024] smp: Brought up 1 node, 1 CPU
[    0.248014] smpboot: Max logical packages: 1
[    0.252032] smpboot: Total of 1 processors activated (4992.02 BogoMIPS)
[    0.256204] devtmpfs: initialized
[    0.260152] x86/mm: Memory block size: 128MB
[    0.264244] evm: security.selinux
[    0.268027] evm: security.SMACK64
[    0.272017] evm: security.SMACK64EXEC
[    0.276016] evm: security.SMACK64TRANSMUTE
[    0.280027] evm: security.SMACK64MMAP
[    0.284017] evm: security.apparmor
[    0.288027] evm: security.ima
[    0.292022] evm: security.capability
[    0.296445] clocksource: jiffies: mask: 0xffffffff max_cycles: 0xffffffff, max_idle_ns: 7645041785100000 ns
[    0.300066] futex hash table entries: 256 (order: 2, 16384 bytes)
[    0.304154] pinctrl core: initialized pinctrl subsystem
[    0.312063] RTC time: 23:19:16, date: 11/06/24
[    0.316506] NET: Registered protocol family 16
[    0.320115] audit: initializing netlink subsys (disabled)
[    0.324287] cpuidle: using governor ladder
[    0.328044] audit: type=2000 audit(1730935160.874:1): state=initialized audit_enabled=0 res=1
[    0.332041] cpuidle: using governor menu
[    0.336467] ACPI: bus type PCI registered
[    0.340021] acpiphp: ACPI Hot Plug PCI Controller Driver version: 0.5
[    0.344719] PCI: Using configuration type 1 for base access
[    0.349995] HugeTLB registered 2.00 MiB page size, pre-allocated 0 pages
[    0.352377] ACPI: Added _OSI(Module Device)
[    0.356036] ACPI: Added _OSI(Processor Device)
[    0.360018] ACPI: Added _OSI(3.0 _SCP Extensions)
[    0.364010] ACPI: Added _OSI(Processor Aggregator Device)
[    0.368035] ACPI: Added _OSI(Linux-Dell-Video)
[    0.372047] ACPI: Added _OSI(Linux-Lenovo-NV-HDMI-Audio)
[    0.376031] ACPI: Added _OSI(Linux-HPI-Hybrid-Graphics)
[    0.381713] ACPI: Executed 1 blocks of module-level executable AML code
[    0.390839] ACPI: Interpreter enabled
[    0.392047] ACPI: (supports S0 S5)
[    0.396020] ACPI: Using IOAPIC for interrupt routing
[    0.400751] PCI: Using host bridge windows from ACPI; if necessary, use "pci=nocrs" and report a bug
[    0.404513] ACPI: Enabled 2 GPEs in block 00 to 07
[    0.428102] ACPI: PCI Root Bridge [PCI0] (domain 0000 [bus 00-ff])
[    0.432050] acpi PNP0A03:00: _OSC: OS supports [ASPM ClockPM Segments MSI]
[    0.437287] acpi PNP0A03:00: _OSC: not requesting OS control; OS requires [ExtendedConfig ASPM ClockPM MSI]
[    0.440049] acpi PNP0A03:00: fail to add MMCONFIG information, can't access extended PCI configuration space under this bridge.
[    0.449567] PCI host bridge to bus 0000:00
[    0.452016] pci_bus 0000:00: root bus resource [io  0x0000-0x0cf7 window]
[    0.456015] pci_bus 0000:00: root bus resource [io  0x0d00-0xffff window]
[    0.460019] pci_bus 0000:00: root bus resource [mem 0x000a0000-0x000bffff window]
[    0.468045] pci_bus 0000:00: root bus resource [mem 0x20000000-0xfdffffff window]
[    0.472025] pci_bus 0000:00: root bus resource [bus 00-ff]
[    0.489971] pci 0000:00:01.1: legacy IDE quirk: reg 0x10: [io  0x01f0-0x01f7]
[    0.492039] pci 0000:00:01.1: legacy IDE quirk: reg 0x14: [io  0x03f6]
[    0.496033] pci 0000:00:01.1: legacy IDE quirk: reg 0x18: [io  0x0170-0x0177]
[    0.500020] pci 0000:00:01.1: legacy IDE quirk: reg 0x1c: [io  0x0376]
[    0.538187] pci 0000:00:07.0: quirk: [io  0x4000-0x403f] claimed by PIIX4 ACPI
[    0.540091] pci 0000:00:07.0: quirk: [io  0x4100-0x410f] claimed by PIIX4 SMB
[    0.564502] ACPI: PCI Interrupt Link [LNKA] (IRQs 5 9 10 *11)
[    0.569207] ACPI: PCI Interrupt Link [LNKB] (IRQs 5 9 *10 11)
[    0.572387] ACPI: PCI Interrupt Link [LNKC] (IRQs 5 *9 10 11)
[    0.576969] ACPI: PCI Interrupt Link [LNKD] (IRQs 5 9 10 *11)
[    0.580759] SCSI subsystem initialized
[    0.584355] pci 0000:00:02.0: vgaarb: setting as boot VGA device
[    0.588000] pci 0000:00:02.0: vgaarb: VGA device added: decodes=io+mem,owns=io+mem,locks=none
[    0.592025] pci 0000:00:02.0: vgaarb: bridge control possible
[    0.596021] vgaarb: loaded
[    0.600096] ACPI: bus type USB registered
[    0.604098] usbcore: registered new interface driver usbfs
[    0.608052] usbcore: registered new interface driver hub
[    0.612116] usbcore: registered new device driver usb
[    0.616354] EDAC MC: Ver: 3.0.0
[    0.625310] PCI: Using ACPI for IRQ routing
[    0.629618] NetLabel: Initializing
[    0.632011] NetLabel:  domain hash size = 128
[    0.636018] NetLabel:  protocols = UNLABELED CIPSOv4 CALIPSO
[    0.640116] NetLabel:  unlabeled traffic allowed by default
[    0.644405] clocksource: Switched to clocksource kvm-clock
[    0.740148] VFS: Disk quotas dquot_6.6.0
[    0.748400] VFS: Dquot-cache hash table entries: 512 (order 0, 4096 bytes)
[    0.760931] AppArmor: AppArmor Filesystem Enabled
[    0.768359] pnp: PnP ACPI init
[    0.777720] pnp: PnP ACPI: found 3 devices
[    0.795803] clocksource: acpi_pm: mask: 0xffffff max_cycles: 0xffffff, max_idle_ns: 2085701024 ns
[    0.809791] NET: Registered protocol family 2
[    0.816991] IP idents hash table entries: 8192 (order: 4, 65536 bytes)
[    0.828374] TCP established hash table entries: 4096 (order: 3, 32768 bytes)
[    0.840663] TCP bind hash table entries: 4096 (order: 4, 65536 bytes)
[    0.851115] TCP: Hash tables configured (established 4096 bind 4096)
[    0.862343] UDP hash table entries: 256 (order: 1, 8192 bytes)
[    0.872154] UDP-Lite hash table entries: 256 (order: 1, 8192 bytes)
[    0.882257] NET: Registered protocol family 1
[    0.889438] pci 0000:00:00.0: Limiting direct PCI/PCI transfers
[    0.898540] pci 0000:00:01.0: Activating ISA DMA hang workarounds
[    0.908529] pci 0000:00:02.0: Video device with shadowed ROM at [mem 0x000c0000-0x000dffff]
[    0.921244] Unpacking initramfs...
[    1.876188] Freeing initrd memory: 19528K
[    1.889842] clocksource: tsc: mask: 0xffffffffffffffff max_cycles: 0x23fa80a809f, max_idle_ns: 440795273818 ns
[    1.906030] platform rtc_cmos: registered platform RTC device (no PNP device found)
[    1.918403] Scanning for low memory corruption every 60 seconds
[    1.929273] Initialise system trusted keyrings
[    1.937283] Key type blacklist registered
[    1.945349] workingset: timestamp_bits=36 max_order=17 bucket_order=0
[    1.960393] zbud: loaded
[    1.967434] squashfs: version 4.0 (2009/01/31) Phillip Lougher
[    1.977954] fuse init (API version 7.26)
[    1.988399] Key type asymmetric registered
[    1.995985] Asymmetric key parser 'x509' registered
[    2.003483] Block layer SCSI generic (bsg) driver version 0.4 loaded (major 246)
[    2.015167] io scheduler noop registered
[    2.021788] io scheduler deadline registered
[    2.029168] io scheduler cfq registered (default)
[    2.037932] ACPI: AC Adapter [AC] (on-line)
[    2.045064] input: Power Button as /devices/LNXSYSTM:00/LNXPWRBN:00/input/input0
[    2.056768] ACPI: Power Button [PWRF]
[    2.062696] input: Sleep Button as /devices/LNXSYSTM:00/LNXSLPBN:00/input/input1
[    2.074168] ACPI: Sleep Button [SLPF]
[    2.083156] ACPI: Battery Slot [BAT0] (battery present)
[    2.093098] Serial: 8250/16550 driver, 32 ports, IRQ sharing enabled
[    2.145665] 00:02: ttyS0 at I/O 0x3f8 (irq = 4, base_baud = 115200) is a 16550A
[    2.163757] Linux agpgart interface v0.103
[    2.176543] loop: module loaded
[    2.186282] scsi host0: ata_piix
[    2.191932] scsi host1: ata_piix
[    2.197686] ata1: PATA max UDMA/33 cmd 0x1f0 ctl 0x3f6 bmdma 0xd000 irq 14
[    2.208142] ata2: PATA max UDMA/33 cmd 0x170 ctl 0x376 bmdma 0xd008 irq 15
[    2.222167] tun: Universal TUN/TAP device driver, 1.6
[    2.230132] PPP generic driver version 2.4.2
[    2.237689] ehci_hcd: USB 2.0 'Enhanced' Host Controller (EHCI) Driver
[    2.247942] ehci-pci: EHCI PCI platform driver
[    2.255054] ehci-platform: EHCI generic platform driver
[    2.263624] ohci_hcd: USB 1.1 'Open' Host Controller (OHCI) Driver
[    2.273524] ohci-pci: OHCI PCI platform driver
[    2.280953] ohci-platform: OHCI generic platform driver
[    2.289695] uhci_hcd: USB Universal Host Controller Interface driver
[    2.299916] i8042: PNP: PS/2 Controller [PNP0303:PS2K,PNP0f03:PS2M] at 0x60,0x64 irq 1,12
[    2.318107] serio: i8042 KBD port at 0x60,0x64 irq 1
[    2.326133] serio: i8042 AUX port at 0x60,0x64 irq 12
[    2.333888] mousedev: PS/2 mouse device common for all mice
[    2.345861] input: AT Translated Set 2 keyboard as /devices/platform/i8042/serio0/input/input2
[    2.362689] rtc_cmos rtc_cmos: rtc core: registered rtc_cmos as rtc0
[    2.373113] rtc_cmos rtc_cmos: alarms up to one day, 114 bytes nvram
[    2.465082] i2c /dev entries driver
[    2.471252] device-mapper: uevent: version 1.0.3
[    2.479146] device-mapper: ioctl: 4.37.0-ioctl (2017-09-20) initialised: dm-devel@redhat.com
[    2.492592] ledtrig-cpu: registered to indicate activity on CPUs
[    2.503020] NET: Registered protocol family 10
[    2.517932] Segment Routing with IPv6
[    2.524059] NET: Registered protocol family 17
[    2.531411] Key type dns_resolver registered
[    2.538227] mce: Using 0 MCE banks
[    2.544284] RAS: Correctable Errors collector initialized.
[    2.553705] sched_clock: Marking stable (2553504331, 0)->(4169618411, -1616114080)
[    2.565508] registered taskstats version 1
[    2.572352] Loading compiled-in X.509 certificates
[    2.585186] Loaded X.509 cert 'Build time autogenerated kernel key: b5b26778eaa3ab3a4a6cee031137706e947d12ad'
[    2.602571] Loaded X.509 cert 'Canonical Ltd. Live Patch Signing: 14df34d1a87cf37625abec039ef2bf521249b969'
[    2.618825] Loaded X.509 cert 'Canonical Ltd. Kernel Module Signing: 88f752e560a1e0737e31163a466ad7b70a850c19'
[    2.634521] blacklist: Loading compiled-in revocation X.509 certificates
[    2.645261] Loaded X.509 cert 'Canonical Ltd. Secure Boot Signing: 61482aa2830d0ab2ad5af10b7250da9033ddcef0'
[    2.661099] Loaded X.509 cert 'Canonical Ltd. Secure Boot Signing (2017): 242ade75ac4a15e50d50c84b0d45ff3eae707a03'
[    2.678330] Loaded X.509 cert 'Canonical Ltd. Secure Boot Signing (ESM 2018): 365188c1d374d6b07c3c8f240f8ef722433d6a8b'
[    2.694993] Loaded X.509 cert 'Canonical Ltd. Secure Boot Signing (2019): c0746fd6c5da3ae827864651ad66ae47fe24b3e8'
[    2.711237] Loaded X.509 cert 'Canonical Ltd. Secure Boot Signing (2021 v1): a8d54bbb3825cfb94fa13c9f8a594a195c107b8d'
[    2.727253] Loaded X.509 cert 'Canonical Ltd. Secure Boot Signing (2021 v2): 4cf046892d6fd3c9a5b03f98d845f90851dc6a8c'
[    2.743503] Loaded X.509 cert 'Canonical Ltd. Secure Boot Signing (2021 v3): 100437bb6de6e469b581e61cd66bce3ef4ed53af'
[    2.760884] Loaded X.509 cert 'Canonical Ltd. Secure Boot Signing (Ubuntu Core 2019): c1d57b8f6b743f23ee41f4f7ee292f06eecadfb9'
[    2.778510] zswap: loaded using pool lzo/zbud
[    2.795339] Key type big_key registered
[    2.802074] Key type trusted registered
[    2.811843] Key type encrypted registered
[    2.818381] AppArmor: AppArmor sha1 policy hashing enabled
[    2.827226] ima: No TPM chip found, activating TPM-bypass! (rc=-19)
[    2.837096] ima: Allocated hash algorithm: sha1
[    2.844637] evm: HMAC attrs: 0x1
[    2.851110]   Magic number: 0:195:352
[    2.857769] rtc_cmos rtc_cmos: setting system clock to 2024-11-06 23:19:19 UTC (1730935159)
[    2.870723] BIOS EDD facility v0.16 2004-Jun-25, 0 devices found
[    2.879838] EDD information not available.
[    2.890999] Freeing unused kernel image memory: 2480K
[    2.904997] Write protecting the kernel read-only data: 20480k
[    2.914355] Freeing unused kernel image memory: 2008K
[    2.922495] Freeing unused kernel image memory: 1820K
[    2.936595] x86/mm: Checked W+X mappings: passed, no W+X pages found.
Loading, please wait...
starting version 237
[    3.131498] e1000: Intel(R) PRO/1000 Network Driver - version 7.3.21-k8-NAPI
[    3.144438] e1000: Copyright (c) 1999-2006 Intel Corporation.
[    3.160243] Fusion MPT base driver 3.04.20
[    3.166615] Copyright (c) 1999-2008 LSI Corporation
[    3.213457] SSE version of gcm_enc/dec engaged.
[    3.303383] Fusion MPT SPI Host driver 3.04.20
[    3.477244] input: ImExPS/2 Generic Explorer Mouse as /devices/platform/i8042/serio1/input/input4
[    4.334005] e1000 0000:00:03.0 eth0: (PCI:33MHz:32-bit) 02:3b:7b:b7:3b:2d
[    4.345417] e1000 0000:00:03.0 eth0: Intel(R) PRO/1000 Network Connection
[    4.360084] mptbase: ioc0: Initiating bringup
[    4.481672] ioc0: LSI53C1030 A0: Capabilities={Initiator}
[    4.748708] scsi host2: ioc0: LSI53C1030 A0, FwRev=00000000h, Ports=1, MaxQ=256, IRQ=20
[    4.930772] scsi 2:0:0:0: Direct-Access     VBOX     HARDDISK         1.0  PQ: 0 ANSI: 5
[    4.950744] scsi target2:0:0: Beginning Domain Validation
[    4.970291] scsi target2:0:0: Domain Validation skipping write tests
[    4.981439] scsi target2:0:0: Ending Domain Validation
[    5.005065] scsi target2:0:0: asynchronous
[    5.026629] scsi 2:0:1:0: Direct-Access     VBOX     HARDDISK         1.0  PQ: 0 ANSI: 5
[    5.106942] scsi target2:0:1: Beginning Domain Validation
[    5.165950] scsi target2:0:1: Domain Validation skipping write tests
[    5.177294] scsi target2:0:1: Ending Domain Validation
[    5.210933] scsi target2:0:1: asynchronous
[    5.354526] sd 2:0:0:0: [sda] 83886080 512-byte logical blocks: (42.9 GB/40.0 GiB)
[    5.366620] sd 2:0:0:0: Attached scsi generic sg0 type 0
[    5.389982] sd 2:0:1:0: [sdb] 20480 512-byte logical blocks: (10.5 MB/10.0 MiB)
[    5.401651] sd 2:0:1:0: Attached scsi generic sg1 type 0
[    5.410901] sd 2:0:0:0: [sda] Write Protect is off
[    5.434394] sd 2:0:1:0: [sdb] Write Protect is off
[    5.443526] sd 2:0:0:0: [sda] Incomplete mode parameter data
[    5.453302] sd 2:0:0:0: [sda] Assuming drive cache: write through
[    5.475606] sd 2:0:1:0: [sdb] Incomplete mode parameter data
[    5.484682] sd 2:0:1:0: [sdb] Assuming drive cache: write through
[    5.523569]  sda: sda1
[    5.537475] sd 2:0:1:0: [sdb] Attached SCSI disk
[    5.560750] sd 2:0:0:0: [sda] Attached SCSI disk
[    6.254091] e1000 0000:00:08.0 eth1: (PCI:33MHz:32-bit) 08:00:27:f5:6e:81
[    6.265185] e1000 0000:00:08.0 eth1: Intel(R) PRO/1000 Network Connection
[    6.279446] e1000 0000:00:08.0 enp0s8: renamed from eth1
[    6.308895] e1000 0000:00:03.0 enp0s3: renamed from eth0
Begin: Loading essential drivers ... [    8.812232] raid6: sse2x1   gen()  9868 MB/s
[    8.884125] raid6: sse2x1   xor()  6094 MB/s
[    8.958065] raid6: sse2x2   gen() 13750 MB/s
[    9.020228] raid6: sse2x2   xor()  7191 MB/s
[    9.085127] raid6: sse2x4   gen() 13333 MB/s
[    9.156486] raid6: sse2x4   xor()  4382 MB/s
[    9.164094] raid6: using algorithm sse2x2 gen() 13750 MB/s
[    9.173854] raid6: .... xor() 7191 MB/s, rmw enabled
[    9.182849] raid6: using ssse3x2 recovery algorithm
[    9.194597] xor: measuring software checksum speed
[    9.312320]    prefetch64-sse: 36226.000 MB/sec
[    9.428191]    generic_sse: 30127.000 MB/sec
[    9.436517] xor: using function: prefetch64-sse (36226.000 MB/sec)
[    9.450900] async_tx: api initialized (async)
done.
Begin: Running /scripts/init-premount ... done.
Begin: Mounting root file system ... Begin: Running /scripts/local-top ... done.
Begin: Running /scripts/local-premount ... [    9.596690] Btrfs loaded, crc32c=crc32c-intel
Scanning for Btrfs filesystems
done.
Warning: fsck not present, so skipping root file system
[    9.710074] EXT4-fs (sda1): mounted filesystem with ordered data mode. Opts: (null)
done.
Begin: Running /scripts/local-bottom ... done.
Begin: Running /scripts/init-bottom ... done.
[   10.110785] ip_tables: (C) 2000-2006 Netfilter Core Team
[   10.149227] systemd[1]: systemd 237 running in system mode. (+PAM +AUDIT +SELINUX +IMA +APPARMOR +SMACK +SYSVINIT +UTMP +LIBCRYPTSETUP +GCRYPT +GNUTLS +ACL +XZ +LZ4 +SECCOMP +BLKID +ELFUTILS +KMOD -IDN2 +IDN -PCRE2 default-hierarchy=hybrid)
[   10.182005] systemd[1]: Detected virtualization oracle.
[   10.190673] systemd[1]: Detected architecture x86-64.

Welcome to [1mUbuntu 18.04.6 LTS[0m!

[   10.209604] systemd[1]: Set hostname to <ubuntu>.
[   10.229535] systemd[1]: Initializing machine ID from random generator.
[   10.240071] systemd[1]: Installed transient /etc/machine-id file.
[   10.798149] systemd[1]: Set up automount Arbitrary Executable File Formats File System Automount Point.
[[0;32m  OK  [0m] Set up automount Arbitrary Executabâ€¦rmats File System Automount Point.
[   10.821708] systemd[1]: Reached target Mounting snaps.
[[0;32m  OK  [0m] Reached target Mounting snaps.
[   10.836946] systemd[1]: Reached target User and Group Name Lookups.
[[0;32m  OK  [0m] Reached target User and Group Name Lookups.
[   10.854484] systemd[1]: Reached target Swap.
[[0;32m  OK  [0m] Reached target Swap.
[[0;32m  OK  [0m] Created slice User and Session Slice.
[[0;32m  OK  [0m] Reached target Mounted snaps.
[[0;32m  OK  [0m] Started Forward Password Requests to Wall Directory Watch.
[[0;32m  OK  [0m] Reached target System Time Synchronized.
[[0;32m  OK  [0m] Created slice System Slice.
[[0;32m  OK  [0m] Listening on Device-mapper event daemon FIFOs.
[[0;32m  OK  [0m] Listening on Network Service Netlink Socket.
[[0;32m  OK  [0m] Listening on LVM2 poll daemon socket.
[[0;32m  OK  [0m] Listening on LVM2 metadata daemon socket.
[[0;32m  OK  [0m] Listening on udev Control Socket.
[[0;32m  OK  [0m] Listening on fsck to fsckd communication Socket.
[[0;32m  OK  [0m] Listening on /dev/initctl Compatibility Named Pipe.
[[0;32m  OK  [0m] Listening on Journal Socket (/dev/log).
[[0;32m  OK  [0m] Listening on Journal Audit Socket.
[[0;32m  OK  [0m] Created slice system-serial\x2dgetty.slice.
[[0;32m  OK  [0m] Listening on udev Kernel Socket.
[[0;32m  OK  [0m] Listening on Syslog Socket.
[[0;32m  OK  [0m] Reached target Slices.
[[0;32m  OK  [0m] Listening on Journal Socket.
         Starting Uncomplicated firewall...
         Starting Monitoring of LVM2 mirrorsâ€¦ng dmeventd or progress polling...
         Starting File System Check on Root Device...
         Mounting Kernel Debug File System...
         Starting Journal Service...
         Mounting POSIX Message Queue File System...
         Starting Set the console keyboard layout...
         Starting Load Kernel Modules...
         Mounting Huge Pages File System...
         Starting Create list of required stâ€¦ce nodes for the current kernel...
         Starting udev Coldplug all Devices...
[[0;32m  OK  [0m] Started Journal Service.
[   11.299352] Loading iSCSI transport class v2.0-870.
[[0;32m  OK  [0m] Started Uncomplicated firewall.
[[0;32m  OK  [0m] Started File System Check on Root Device.
[[0;32m  OK  [0m] Mounted Kernel Debug File System.
[[0;32m  OK  [0m] Mounted POSIX Message Queue File System.[   11.362866] iscsi: registered transport (tcp)

[[0;32m  OK  [0m] Mounted Huge Pages File System.
[[0;32m  OK  [0m] Started Create list of required staâ€¦vice nodes for the current kernel.
[[0;32m  OK  [0m] Started File System Check Daemon to report status.
[[0;32m  OK  [0m] Started LVM2 metadata daemon.
         Starting Create Static Device Nodes in /dev...
         Starting Remount Root and Kernel File Systems...
[   11.550532] iscsi: registered transport (iser)
[[0;32m  OK  [0m] Started Monitoring of LVM2 mirrors,â€¦sing dmeventd or progress polling.
[[0;32m  OK  [0m] Started Load Kernel Modules.
[   11.634810] EXT4-fs (sda1): re-mounted. Opts: (null)
         Starting Apply Kernel Variables...
         Mounting Kernel Configuration File System...
         Mounting FUSE Control File System...
[[0;32m  OK  [0m] Started Create Static Device Nodes in /dev.
[[0;32m  OK  [0m] Mounted Kernel Configuration File System.
[[0;32m  OK  [0m] Started Remount Root and Kernel File Systems.
[[0;32m  OK  [0m] Started udev Coldplug all Devices.
[[0;32m  OK  [0m] Started Apply Kernel Variables.
[[0;32m  OK  [0m] Mounted FUSE Control File System.
         Starting udev Kernel Device Manager...
         Starting Flush Journal to Persistent Storage...
         Starting Load/Save Random Seed...
[[0;32m  OK  [0m] Started udev Kernel Device Manager.
[[0;32m  OK  [0m] Started Load/Save Random Seed.
[[0;32m  OK  [0m] Started Flush Journal to Persistent Storage.
[[0;32m  OK  [0m] Found device /dev/ttyS0.
[[0;32m  OK  [0m] Listening on Load/Save RF Kill Switch Status /dev/rfkill Watch.
[[0;32m  OK  [0m] Started Set the console keyboard layout.
[[0;32m  OK  [0m] Reached target Local File Systems (Pre).
[[0;32m  OK  [0m] Reached target Local File Systems.
         Starting AppArmor initialization...
         Starting Commit a transient machine-id on disk...
         Starting ebtables ruleset management...
         Starting Tell Plymouth To Write Out Runtime Data...
         Starting Set console font and keymap...
         Starting Create Volatile Files and Directories...
[[0;32m  OK  [0m] Started Dispatch Password Requests to Console Directory Watch.
[[0;32m  OK  [0m] Reached target Local Encrypted Volumes.
[[0;32m  OK  [0m] Started Tell Plymouth To Write Out Runtime Data.
[[0;32m  OK  [0m] Started Commit a transient machine-id on disk.
[[0;32m  OK  [0m] Started Create Volatile Files and Directories.
         Starting Update UTMP about System Boot/Shutdown...
[[0;32m  OK  [0m] Started Update UTMP about System Boot/Shutdown.
[[0;32m  OK  [0m] Started ebtables ruleset management.
         Mounting Arbitrary Executable File Formats File System...
[[0;32m  OK  [0m] Mounted Arbitrary Executable File Formats File System.
[[0;32m  OK  [0m] Started AppArmor initialization.
         Starting Load AppArmor profiles managed internally by snapd...
         Starting Initial cloud-init job (pre-networking)...
[[0;32m  OK  [0m] Started Load AppArmor profiles managed internally by snapd.
[[0;32m  OK  [0m] Started Set console font and keymap.
[   21.342891] cloud-init[764]: Cloud-init v. 23.1.2-0ubuntu0~18.04.1 running 'init-local' at Wed, 06 Nov 2024 23:19:37 +0000. Up 20.70 seconds.
[[0;32m  OK  [0m] Started Initial cloud-init job (pre-networking).
[[0;32m  OK  [0m] Reached target Network (Pre).
         Starting Network Service...
[[0;32m  OK  [0m] Started Network Service.
         Starting Network Name Resolution...
         Starting Wait for Network to be Configured...
[[0;32m  OK  [0m] Started Network Name Resolution.
[[0;32m  OK  [0m] Reached target Host and Network Name Lookups.
[[0;32m  OK  [0m] Reached target Network.
[[0;32m  OK  [0m] Started Wait for Network to be Configured.
         Starting Initial cloud-init job (metadata service crawler)...
[   25.433303] cloud-init[915]: Cloud-init v. 23.1.2-0ubuntu0~18.04.1 running 'init' at Wed, 06 Nov 2024 23:19:41 +0000. Up 24.98 seconds.
[   25.468677] cloud-init[915]: ci-info: ++++++++++++++++++++++++++++++++++++++Net device info+++++++++++++++++++++++++++++++++++++++
[   25.494790] cloud-init[915]: ci-info: +--------+-------+----------------------------+---------------+--------+-------------------+
[   25.527243] cloud-init[915]: ci-info: | Device |   Up  |          Address           |      Mask     | Scope  |     Hw-Address    |
[   25.556954] cloud-init[915]: ci-info: +--------+-------+----------------------------+---------------+--------+-------------------+
[   25.578923] cloud-init[915]: ci-info: | enp0s3 |  True |         10.0.2.15          | 255.255.255.0 | global | 02:3b:7b:b7:3b:2d |
[   25.614225] cloud-init[915]: ci-info: | enp0s3 |  True | fe80::3b:7bff:feb7:3b2d/64 |       .       |  link  | 02:3b:7b:b7:3b:2d |
[   25.653876] cloud-init[915]: ci-info: | enp0s8 | False |             .              |       .       |   .    | 08:00:27:f5:6e:81 |
[   25.687535] cloud-init[915]: ci-info: |   lo   |  True |         127.0.0.1          |   255.0.0.0   |  host  |         .         |
[   25.726266] cloud-init[915]: ci-info: |   lo   |  True |          ::1/128           |       .       |  host  |         .         |
[   25.756625] cloud-init[915]: ci-info: +--------+-------+----------------------------+---------------+--------+-------------------+
[   25.785831] cloud-init[915]: ci-info: ++++++++++++++++++++++++++++Route IPv4 info+++++++++++++++++++++++++++++
[   25.817134] cloud-init[915]: ci-info: +-------+-------------+----------+-----------------+-----------+-------+
[   25.847337] cloud-init[915]: ci-info: | Route | Destination | Gateway  |     Genmask     | Interface | Flags |
[   25.878410] cloud-init[915]: ci-info: +-------+-------------+----------+-----------------+-----------+-------+
[   25.944912] cloud-init[915]: ci-info: |   0   |   0.0.0.0   | 10.0.2.2 |     0.0.0.0     |   enp0s3  |   UG  |
[   25.969779] cloud-init[915]: ci-info: |   1   |   10.0.2.0  | 0.0.0.0  |  255.255.255.0  |   enp0s3  |   U   |
[   25.997366] cloud-init[915]: ci-info: |   2   |   10.0.2.2  | 0.0.0.0  | 255.255.255.255 |   enp0s3  |   UH  |
[   26.019738] cloud-init[915]: ci-info: +-------+-------------+----------+-----------------+-----------+-------+
[   26.041730] cloud-init[915]: ci-info: +++++++++++++++++++Route IPv6 info+++++++++++++++++++
[   26.061723] cloud-init[915]: ci-info: +-------+-------------+---------+-----------+-------+
[   26.084072] cloud-init[915]: ci-info: | Route | Destination | Gateway | Interface | Flags |
[   26.104798] cloud-init[915]: ci-info: +-------+-------------+---------+-----------+-------+
[   26.128855] cloud-init[915]: ci-info: |   1   |  fe80::/64  |    ::   |   enp0s3  |   U   |
[   26.157332] cloud-init[915]: ci-info: |   3   |    local    |    ::   |   enp0s3  |   U   |
[   26.181534] cloud-init[915]: ci-info: |   4   |   ff00::/8  |    ::   |   enp0s3  |   U   |
[   26.211382] cloud-init[915]: ci-info: +-------+-------------+---------+-----------+-------+
[   27.587483] cloud-init[915]: Generating public/private rsa key pair.
[   27.628801] cloud-init[915]: Your identification has been saved in /etc/ssh/ssh_host_rsa_key.
[   27.649948] cloud-init[915]: Your public key has been saved in /etc/ssh/ssh_host_rsa_key.pub.
[   27.674782] cloud-init[915]: The key fingerprint is:
[   27.695903] cloud-init[915]: SHA256:uEXhiw0O6b0RbZkoJxbHl+ydPIdE6ECqHl0PnZDr8YA root@ubuntu-bionic
[   27.732633] cloud-init[915]: The key's randomart image is:
[   27.757689] cloud-init[915]: +---[RSA 2048]----+
[   27.777253] cloud-init[915]: |    .o+o.+.      |
[   27.797044] cloud-init[915]: |     =+*==.      |
[   27.818784] cloud-init[915]: |    B.B*X+ o     |
[   27.839594] cloud-init[915]: |   =EO+@o.* .    |
[   27.861150] cloud-init[915]: |  o o.*+S  o     |
[   27.886363] cloud-init[915]: | . .  .=.        |
[   27.901066] cloud-init[915]: |  .   o          |
[   27.918257] cloud-init[915]: |                 |[[0;32m  OK  [0m
[   27.930751] ] Started Initial cloud-init job (metadata service crawler).cloud-init[915]: |                 |
[[0;32m  OK  [0m] Reached target Network is Online.
[   27.955440] 
[[0;32m  OK  [0mcloud-init] Reached target Remote File Systems (Pre).[915]: 
[[0;32m  OK  [0m+----[SHA256]-----+] Reached target Remote File Systems.

[   27.999197]          Starting Availability of block devices...
[[0;32m  OK  [0mcloud-init[915]: ] Reached target Cloud-config availability.
Generating public/private dsa key pair.[[0;32m  OK  [0m] Reached target System Initialization.

[[0;32m  OK  [0m[   28.062643] ] Started ACPI Events Check.cloud-init
[[0;32m  OK  [0m] [915]: Your identification has been saved in /etc/ssh/ssh_host_dsa_key.Started Discard unused blocks once a week.
[[0;32m  OK  [0m] Reached target Paths.
[   28.106744] 
[[0;32m  OK  [0mcloud-init[915]: Your public key has been saved in /etc/ssh/ssh_host_dsa_key.pub.] Started Daily apt download activities.
[   28.127174] 
[cloud-init[915]: [0;32m  OK  [0m] Listening on Open-iSCSI iscsid Socket.The key fingerprint is:
[   28.147384] 
[[0;32m  OK  [0m] cloud-init[915]: SHA256:BXGjRkj8rCWxyktSGNMJ8ekstGPbTS7vezqFTinvavw root@ubuntu-bionicStarted Ubuntu Advantage Timer for running repeated jobs.

[[0;32m  OK  [0m[   28.177047] cloud-init] Listening on ACPID Listen Socket.
[915]: The key's randomart image is:         
[   28.198057] cloud-initStarting Socket activation for snappy daemon.
[[0;32m  OK  [0m[915]: +---[DSA 1024]----+] Listening on UUID daemon activation socket.

[[0;32m  OK  [0m] [   28.243241] cloud-init[915]: |  o+ +..+.o      |Listening on cloud-init hotplug hook socket.

[   28.255583] [[0;32m  OK  [0mcloud-init[915]: |  o.o.+. + .     |
] Started Daily apt upgrade and clean activities.[   28.275760] cloud-init[915]: 
[[0;32m  OK  [0m|  .+o  =o .      |
] Listening on D-Bus System Message Bus Socket.[   28.293657] cloud-init
[[915]: | ..+. o.+.       |
[0;32m  OK  [0m] [   28.308859] cloud-init[915]: Started Daily Cleanup of Temporary Directories.
[[0;32m  OK  [0m|  =oo..*S        |
[   28.325337] cloud-init] Started Message of the Day.[915]: | ..==+= .        |
[[0;32m  OK  [0m
[   28.342321] ] Reached target Timers.
cloud-init[915]: |  .+o*o.         |
         Starting LXD - unix socket.[   28.362906] cloud-init[915]: |    +o+ .        |
[[0;32m  OK  [0m] Started Availability of block devices.

[[0;32m  OK  [0m[   28.398782] ] Listening on Socket activation for snappy daemon.cloud-init
[[0;32m  OK  [0m[915]: |   ..=E=         |] Listening on LXD - unix socket.

[[0;32m  OK  [0m[   28.438897] ] Reached target Sockets.
cloud-init[915]: [[0;32m  OK  [0m] +----[SHA256]-----+
Reached target Basic System.
[   28.462319] cloud-init[915]: Generating public/private ecdsa key pair.
         Starting LSB: automatic crash report generation...
[   28.488982] cloud-init         Starting Pollinate to seed the pseudo random number generator...
[[915]: Your identification has been saved in /etc/ssh/ssh_host_ecdsa_key.[0;32m  OK  [0m] Started D-Bus System Message Bus.

[   28.630386] cloud-init[915]: Your public key has been saved in /etc/ssh/ssh_host_ecdsa_key.pub.
[   28.706027] cloud-init[915]: The key fingerprint is:
[   28.745175] cloud-init[915]: SHA256:uVWVTResJHryWHSMr6fK5lUC09X8rCnVPrn++qXDEDM root@ubuntu-bionic
[   28.789026] cloud-init[915]:          Starting Login Service...
         Starting Permit User Sessions...
         The key's randomart image is:Starting Accounts Service...
         Starting LXD - container startup/shutdown...
         Starting System Logging Service...
         Starting LSB: Record successful boot for GRUB...
[[0;32m  OK  [0m] Started irqbalance daemon.

[   29.259726] cloud-init[[0;32m  OK  [0m] Started Regular background program processing daemon.
[915]: +---[ECDSA 256]---+
[   29.322767] cloud-init         Starting Dispatcher daemon for systemd-networkd...
[[0;32m  OK  [0m] Reached target Login Prompts (Pre).
[915]: |            o.==+|         Starting Virtualbox guest utils...
[[0;32m  OK  [0m
] Started Deferred execution scheduler.
[[0;32m  OK  [0m] Started FUSE filesystem for LXC.
[   29.499711]          Starting Snap Daemon...
[[0;32m  OK  [0mcloud-init] Started Permit User Sessions.
[915]: [[0;32m  OK  [0m] Started Login Service.
|          .+.=.+o|[[0;32m  OK  [0m] Started Unattended Upgrades Shutdown.
         Starting Hold until boot process finishes up...
         
Starting Terminate Plymouth Boot Screen...
[[0;32m  OK  [0m] Started System Logging Service.
[[0;32m  OK  [0m] [   29.969853] Started Hold until boot process finishes up.
[[0;32m  OK  [0m] Started Serial Getty on ttyS0.
         Starting Set console scheme...
cloud-init[[0;32m  OK  [0m] Started Terminate Plymouth Boot Screen.[915]: 
[[0;32m  OK  [0m] Started Set console scheme.|         oo.* .o.|
[[0;32m  OK  [0m] Created slice system-getty.slice.
[[0;32m  OK  [0m] Started Getty on tty1.

[[0;32m  OK  [0m] Reached target Login Prompts.
[   30.192481] cloud-init[915]: |         +o+Eo. +|
[   30.316426]          Starting Authorization Manager...
cloud-init[915]: |        S B..* +.|
[[0;32m  OK  [0m] Started LSB: automatic crash report generation.
[   30.540792] cloud-init[915]: |         + o=.oo.|[[0;32m  OK  [0m] 
Started LSB: Record successful boot for GRUB.
[   30.765317] cloud-init[915]: |        .  .o+  +|
[[0;32m  OK  [0m] Started Authorization Manager.
[[0;32m  OK  [0m] Started Accounts Service.
[   31.052835] cloud-init[915]: |        ....  oo.|
[   31.149525] cloud-init[915]: |        o+.   +=+|
[   31.254230] cloud-init[915]: +----[SHA256]-----+
[   31.348348] cloud-init[915]: Generating public/private ed25519 key pair.
[   31.424939] cloud-init[915]: Your identification has been saved in /etc/ssh/ssh_host_ed25519_key.
[   31.543047] cloud-init[915]: Your public key has been saved in /etc/ssh/ssh_host_ed25519_key.pub.
[   31.634726] cloud-init[915]: The key fingerprint is:
[   31.723701] [[0;32m  OK  [0m] Started Virtualbox guest utils.
cloud-init[915]: SHA256:Z2L8HEgUvlOlzfgwVeYIW/dr9lSgGgeRWhnsIIOp7ks root@ubuntu-bionic
[   31.829684] cloud-init[915]: The key's randomart image is:
[   31.920963] cloud-init[915]: +--[ED25519 256]--+
[   32.026013] cloud-init[915]: |     o  oo==+.=  |
[[0;32m  OK  [0m] Started LXD - container startup/shutdown.
[   32.150999] cloud-init[915]: |    o oo. =% * o |
[   32.309405] cloud-init[915]: |   .   oo=O * . o|
[   32.405547] cloud-init[915]: |  .    o.+.B    o|
[   32.585948] cloud-init[915]: | .      S = .  +.|
[   32.711475] cloud-init[915]: |  .    . B .  o..|
[   32.741715] cloud-init[915]: | .E       o     .|
[   32.766191] cloud-init[915]: | ..              |
[   32.839246] cloud-init[915]: |  ..             |
[   32.874617] cloud-init[915]: +----[SHA256]-----+
[[0;32m  OK  [0m] Started Dispatcher daemon for systemd-networkd.
[[0;32m  OK  [0m] Started Pollinate to seed the pseudo random number generator.
         Starting OpenBSD Secure Shell server...
[[0;32m  OK  [0m] Started OpenBSD Secure Shell server.
[[0;32m  OK  [0m] Started Snap Daemon.
         Starting Wait until snapd is fully seeded...

Ubuntu 18.04.6 LTS ubuntu-bionic ttyS0

ubuntu-bionic login: [   45.515884] cloud-init[1420]: Cloud-init v. 23.1.2-0ubuntu0~18.04.1 running 'modules:config' at Wed, 06 Nov 2024 23:20:00 +0000. Up 43.53 seconds.
ci-info: no authorized SSH keys fingerprints found for user ubuntu.
<14>Nov  6 23:20:05 cloud-init: #############################################################
<14>Nov  6 23:20:05 cloud-init: -----BEGIN SSH HOST KEY FINGERPRINTS-----
<14>Nov  6 23:20:05 cloud-init: 1024 SHA256:BXGjRkj8rCWxyktSGNMJ8ekstGPbTS7vezqFTinvavw root@ubuntu-bionic (DSA)
<14>Nov  6 23:20:05 cloud-init: 256 SHA256:uVWVTResJHryWHSMr6fK5lUC09X8rCnVPrn++qXDEDM root@ubuntu-bionic (ECDSA)
<14>Nov  6 23:20:05 cloud-init: 256 SHA256:Z2L8HEgUvlOlzfgwVeYIW/dr9lSgGgeRWhnsIIOp7ks root@ubuntu-bionic (ED25519)
<14>Nov  6 23:20:05 cloud-init: 2048 SHA256:uEXhiw0O6b0RbZkoJxbHl+ydPIdE6ECqHl0PnZDr8YA root@ubuntu-bionic (RSA)
<14>Nov  6 23:20:05 cloud-init: -----END SSH HOST KEY FINGERPRINTS-----
<14>Nov  6 23:20:05 cloud-init: #############################################################
-----BEGIN SSH HOST KEY KEYS-----
ecdsa-sha2-nistp256 AAAAE2VjZHNhLXNoYTItbmlzdHAyNTYAAAAIbmlzdHAyNTYAAABBBB8fgApZnLv8cB/oLojGKS1fXcZKt4KajLz8/RXBXz5gzOYiHQzxUgYLXH3xQNfZS5qSssDHXAVOQMInLaIyOM0= root@ubuntu-bionic
ssh-ed25519 AAAAC3NzaC1lZDI1NTE5AAAAILx7PTSyLykfIotasHBVwM/EBvdYqooPJbBQCpwMh9ZO root@ubuntu-bionic
ssh-rsa AAAAB3NzaC1yc2EAAAADAQABAAABAQDG2YZ5MMiTOoh2GPSzMwSxXJL2kWgK/G+5SmtGnXWfBmBlhBdp47rmRr/14fr7Uit7uxJSPUPLSiR17bgFe/5EIvJuyA3EQKTL2Ssnmrugfkh4AQQqW9WaT3+ZEqvqi25AbUMPJSEoKfEy6KJyYOuHw6sHelxYcxnzCh9eDp5R3BLxJiHltvjKlnS5GChfwBc70xzTRAB4z5C/fv/fKaprk1QUVkIA9Kil2nntJfpbMK5q9IOZVWoW84rv2b3CxBhvMGovLtfdwrp8gbIE7GVzS3Gv1f/ZuwENvNfoJFhur3qHlWuh7W8Q/TF7kdPI6a9wPCxx/qBnxqKYU3ut/j8p root@ubuntu-bionic
-----END SSH HOST KEY KEYS-----
[   49.152845] cloud-init[1532]: Cloud-init v. 23.1.2-0ubuntu0~18.04.1 running 'modules:final' at Wed, 06 Nov 2024 23:20:04 +0[[0;32m  OK  [0m] Stopped Unattended Upgrades Shutdown.
[[0;32m  OK  [0m] Stopped target Timers.
[[0;32m  OK  [0m] Stopped Daily apt upgrade and clean activities.
[[0;32m  OK  [0m] Stopped Discard unused blocks once a week.
[[0;32m  OK  [0m] Stopped Ubuntu Advantage Timer for running repeated jobs.
         Stopping Session 6 of user vagrant.
         Stopping Authorization Manager...
[[0;32m  OK  [0m] Closed Load/Save RF Kill Switch Status /dev/rfkill Watch.
[[0;32m  OK  [0m] Stopped target Graphical Interface.
         Stopping Accounts Service...
[[0;32m  OK  [0m] Stopped Message of the Day.
[[0;32m  OK  [0m] Stopped Daily apt download activities.
[[0;32m  OK  [0m] Stopped target System Time Synchronized.
         Stopping User Manager for UID 1000...
         Stopping Session 8 of user vagrant.
         Stopping Availability of block devices...
[[0;32m  OK  [0m] Stopped target Cloud-init target.
[[0;32m  OK  [0m] Stopped Execute cloud user/final scripts.
[[0;32m  OK  [0m] Stopped target Multi-User System.
         Stopping LSB: Record successful boot for GRUB...
[[0;32m  OK  [0m] Stopped target Login Prompts.
         Stopping Deferred execution scheduler...
         Stopping Dispatcher daemon for systemd-networkd...
         Stopping The Apache HTTP Server...
         Stopping Virtualbox guest utils...
         Stopping System Logging Service...
         Stopping D-Bus System Message Bus...
         Stopping FUSE filesystem for LXC...
         Stopping OpenBSD Secure Shell server...
         Stopping LSB: automatic crash report generation...
         Stopping LXD - container startup/shutdown...
         Stopping Regular background program processing daemon...
[[0;32m  OK  [0m] Stopped Apply the settings specified in cloud-config.
[[0;32m  OK  [0m] Stopped target Cloud-config availability.
[[0;32m  OK  [0m] Stopped Wait until snapd is fully seeded.
         Stopping Getty on tty1...
         Stopping Serial Getty on ttyS0...
[[0;32m  OK  [0m] Stopped Daily Cleanup of Temporary Directories.
[[0;32m  OK  [0m] Stopped Dispatcher daemon for systemd-networkd.
[[0;32m  OK  [0m] Stopped Accounts Service.
[[0;32m  OK  [0m] Stopped Regular background program processing daemon.
[[0;32m  OK  [0m] Stopped Deferred execution scheduler.
[[0;32m  OK  [0m] Stopped Authorization Manager.
[[0;32m  OK  [0m] Stopped Serial Getty on ttyS0.
[[0;32m  OK  [0m] Unmounted /var/lib/lxcfs.
[[0;32m  OK  [0m] Stopped Getty on tty1.
[[0;32m  OK  [0m] Stopped OpenBSD Secure Shell server.
[[0;32m  OK  [0m] Stopped User Manager for UID 1000.
[[0;32m  OK  [0m] Stopped D-Bus System Message Bus.
[[0;32m  OK  [0m] Stopped Session 6 of user vagrant.
[[0;32m  OK  [0m] Stopped Session 8 of user vagrant.
[[0;32m  OK  [0m] Stopped System Logging Service.
[[0;32m  OK  [0m] Stopped FUSE filesystem for LXC.
[[0;32m  OK  [0m] Stopped Availability of block devices.
[[0;32m  OK  [0m] Stopped LSB: Record successful boot for GRUB.
[[0;32m  OK  [0m] Stopped LXD - container startup/shutdown.
[[0;32m  OK  [0m] Removed slice User Slice of vagrant.
         Stopping Login Service...
[[0;32m  OK  [0m] Removed slice system-getty.slice.
[[0;32m  OK  [0m] Stopped target Login Prompts (Pre).
         Stopping Permit User Sessions...
[[0;32m  OK  [0m] Removed slice system-serial\x2dgetty.slice.
[[0;32m  OK  [0m] Stopped Login Service.
[[0;32m  OK  [0m] Stopped LSB: automatic crash report generation.
[[0;32m  OK  [0m] Stopped Permit User Sessions.
[[0;32m  OK  [0m] Stopped target User and Group Name Lookups.
[[0;32m  OK  [0m] Stopped Virtualbox guest utils.
[[0;32m  OK  [0m] Stopped The Apache HTTP Server.
[[0;32m  OK  [0m] Stopped target Remote File Systems.
         Unmounting /vagrant...
[[0;32m  OK  [0m] Stopped target Host and Network Name Lookups.
[[0;32m  OK  [0m] Stopped target Basic System.
[[0;32m  OK  [0m] Stopped target Paths.
[[0;32m  OK  [0m] Stopped ACPI Events Check.
[[0;32m  OK  [0m] Stopped target Sockets.
[[0;32m  OK  [0m] Closed Open-iSCSI iscsid Socket.
[[0;32m  OK  [0m] Closed ACPID Listen Socket.
[[0;32m  OK  [0m] Closed cloud-init hotplug hook socket.
[[0;32m  OK  [0m] Closed LXD - unix socket.
[[0;32m  OK  [0m] Closed UUID daemon activation socket.
[[0;32m  OK  [0m] Closed D-Bus System Message Bus Socket.
[[0;32m  OK  [0m] Closed Socket activation for snappy daemon.
[[0;32m  OK  [0m] Closed Syslog Socket.
[[0;32m  OK  [0m] Stopped target Slices.
[[0;32m  OK  [0m] Removed slice User and Session Slice.
[[0;32m  OK  [0m] Stopped target System Initialization.
[[0;32m  OK  [0m] Stopped Commit a transient machine-id on disk.
[[0;32m  OK  [0m] Stopped target Local Encrypted Volumes.
[[0;32m  OK  [0m] Stopped Dispatch Password Requests to Console Directory Watch.
[[0;32m  OK  [0m] Stopped Forward Password Requests to Wall Directory Watch.
         Stopping Update UTMP about System Boot/Shutdown...
         Stopping Load/Save Random Seed...
[[0;32m  OK  [0m] Unmounted /vagrant.
[[0;32m  OK  [0m] Stopped target Network is Online.
[[0;32m  OK  [0m] Stopped Initial cloud-init job (metadata service crawler).
[[0;32m  OK  [0m] Stopped target Remote File Systems (Pre).
[[0;32m  OK  [0m] Stopped target Network.
         Stopping Network Name Resolution...
[[0;32m  OK  [0m] Stopped Load/Save Random Seed.
[[0;32m  OK  [0m] Stopped Update UTMP about System Boot/Shutdown.
[[0;32m  OK  [0m] Stopped Network Name Resolution.
[[0;32m  OK  [0m] Stopped Create Volatile Files and Directories.
[[0;32m  OK  [0m] Stopped target Local File Systems.
         Unmounting /run/user/1000...
[[0;32m  OK  [0m] Stopped target Mounted snaps.
[[0;32m  OK  [0m] Stopped target Mounting snaps.
         Stopping Network Service...
[[0;32m  OK  [0m] Unmounted /run/user/1000.
[[0;32m  OK  [0m] Reached target Unmount All Filesystems.
[[0;32m  OK  [0m] Stopped target Swap.
[[0;32m  OK  [0m] Stopped target Local File Systems (Pre).
[[0;32m  OK  [0m] Stopped Create Static Device Nodes in /dev.
         Stopping Monitoring of LVM2 mirrorsâ€¦ng dmeventd or progress polling...
[[0;32m  OK  [0m] Stopped Monitoring of LVM2 mirrors,â€¦sing dmeventd or progress polling.
         Stopping LVM2 metadata daemon...
[[0;32m  OK  [0m] Stopped LVM2 metadata daemon.
[[0;32m  OK  [0m] Stopped Network Service.
[[0;32m  OK  [0m] Stopped target Network (Pre).
[[0;32m  OK  [0m] Stopped Initial cloud-init job (pre-networking).
[[0;32m  OK  [0m] Stopped Remount Root and Kernel File Systems.
[[0;32m  OK  [0m] Stopped Apply Kernel Variables.
[[0;32m  OK  [0m] Stopped Load Kernel Modules.
[[0;32m  OK  [0m] Reached target Shutdown.
[[0;32m  OK  [0m] Reached target Final Step.
         Starting Power-Off...
[  484.996161] reboot: Power down

[[0;32m  OK  [0m] Stopped target Network (Pre).
[[0;32m  OK  [0m] Stopped Initial cloud-init job (pre-networking).
[[0;32m  OK  [0m] Stopped Remount Root and Kernel File Systems.
[[0;32m  OK  [0m] Reached target Shutdown.
[[0;32m  OK  [0m] Reached target Final Step.
         Starting Power-Off...
[  317.419198] reboot: Power down
